[start.microsoftapp.net/start5321.html]
[backblue.gif]
[fade.gif]
[index.html]
[sapphire.azureedge.net/readme/website/20221101-1/images/favicon-microsoft.png]
[sapphire.azureedge.net/readme/website/20221101-1/css/bootstrap.min.css]
[sapphire.azureedge.net/readme/website/20221101-1/css/style_ms.css]
[sapphire.azureedge.net/readme/website/20221101-1/css/magnific-popup.css]
[sapphire.azureedge.net/readme/website/20221101-1/css/materialdesignicons.min.css]
[sapphire.azureedge.net/readme/website/20221101-1/css/pe-icon-7-stroke.css]
[sapphire.azureedge.net/readme/website/20221101-1/css/owl.carousel.min.css]
[sapphire.azureedge.net/readme/website/20221101-1/css/owl.theme.css]
[sapphire.azureedge.net/readme/website/20221101-1/css/owl.transitions.css]
[sapphire.azureedge.net/readme/website/20221101-1/css/swiper.min.css]
[sapphire.azureedge.net/readme/website/20221101-1/css/aos.css]
[sapphire.azureedge.net/readme/website/20221101-1/js/ads.js]
[sapphire.azureedge.net/readme/website/20221101-1/images/logo-start.png]
[sapphire.azureedge.net/readme/website/20221101-1/images/google.png]
[sapphire.azureedge.net/readme/website/20221101-1/images/apple.png]
[sapphire.azureedge.net/readme/website/20221101-1/images/locales/en/banner/start.png]
[sapphire.azureedge.net/readme/website/20221101-1/images/favicon-start.png]
[sapphire.azureedge.net/readme/website/20221101-1/images/locales/en/news/news2.png]
[sapphire.azureedge.net/readme/website/20221101-1/images/locales/en/news/news1.png]
[sapphire.azureedge.net/readme/website/20221101-1/images/locales/en/screenshots/sa-apps-01.png]
[sapphire.azureedge.net/readme/website/20221101-1/images/locales/en/screenshots/sa-apps-02.png]
[sapphire.azureedge.net/readme/website/20221101-1/images/locales/en/screenshots/sa-apps-03.png]
[sapphire.azureedge.net/readme/website/20221101-1/images/locales/en/screenshots/sa-apps-04.png]
[sapphire.azureedge.net/readme/website/20221101-1/images/locales/en/screenshots/sa-apps-05.png]
[sapphire.azureedge.net/readme/website/20221101-1/images/locales/en/screenshots/sa-apps-06.png]
[sapphire.azureedge.net/readme/website/20221101-1/images/locales/en/screenshots/sa-apps-07.png]
[sapphire.azureedge.net/readme/website/20221101-1/images/locales/en/screenshots/sa-apps-08.png]
[sapphire.azureedge.net/readme/website/20221101-1/images/locales/en/screenshots/sa-apps-09.png]
[sapphire.azureedge.net/readme/website/20221101-1/images/locales/en/screenshots/sa-apps-10.png]
[sapphire.azureedge.net/readme/website/20221101-1/images/locales/en/devices/devices.png]
[sapphire.azureedge.net/readme/website/20221101-1/js/jquery.min.js]
[sapphire.azureedge.net/readme/website/20221101-1/js/bootstrap.bundle.min.js]
[sapphire.azureedge.net/readme/website/20221101-1/js/jquery.easing.min.js]
[sapphire.azureedge.net/readme/website/20221101-1/js/scrollspy.min.js]
[sapphire.azureedge.net/readme/website/20221101-1/js/owl.carousel.min.js]
[sapphire.azureedge.net/readme/website/20221101-1/js/jquery.magnific-popup.min.js]
[sapphire.azureedge.net/readme/website/20221101-1/js/swiper.min.js]
[sapphire.azureedge.net/readme/website/20221101-1/js/aos.js]
[sapphire.azureedge.net/readme/website/20221101-1/js/plugin.init.js]
[sapphire.azureedge.net/readme/website/20221101-1/js/jquery.qrcode.min.js]
[sapphire.azureedge.net/readme/website/20221101-1/js/applicationInsight.min.js]
[start.microsoftapp.net/start5321.html]
[sapphire.azureedge.net/readme/website/20221101-1/css/bootstrap.min.css]
[sapphire.azureedge.net/readme/website/20221101-1/js/app.js]
[sapphire.azureedge.net/readme/website/20221101-1/images/qr-frame.png]
[sapphire.azureedge.net/readme/website/20221101-1/css/style_ms.css]
[sapphire.azureedge.net/readme/website/20221101-1/css/magnific-popup.css]
[sapphire.azureedge.net/readme/website/20221101-1/css/materialdesignicons.min.css]
[sapphire.azureedge.net/readme/website/20221101-1/css/pe-icon-7-stroke.css]
[sapphire.azureedge.net/readme/website/20221101-1/css/owl.carousel.min.css]
[sapphire.azureedge.net/readme/website/20221101-1/css/owl.theme.css]
[sapphire.azureedge.net/readme/website/20221101-1/css/owl.transitions.css]
[sapphire.azureedge.net/readme/website/20221101-1/css/swiper.min.css]
[sapphire.azureedge.net/readme/website/20221101-1/css/aos.css]
[sapphire.azureedge.net/readme/website/20221101-1/images/border.png]
[sapphire.azureedge.net/readme/website/20221101-1/img/grabbing.png]
[sapphire.azureedge.net/readme/website/20221101-1/css/AjaxLoader.gif]
